// Jest Snapshot v1, https://goo.gl/fbAQLP

exports[`release-it-yarn-workspaces it executes commands with defaults 1`] = `
Array [
  Array [
    "npm version 1.0.1 --no-git-tag-version",
    Object {},
  ],
  Array [
    "npm version 1.0.1 --no-git-tag-version",
    Object {},
  ],
]
`;
